[servitec.uncody.site/index.html]
[backblue.gif]
[fade.gif]
[index.html]
[servitec.uncody.site/static/css/styles.fd65bd3e.css]
[images.pexels.com/photos/230544/pexels-photo-2305441751.jpg]
[images.pexels.com/photos/607812/pexels-photo-6078121751.jpg]
[images.pexels.com/photos/34140/pexels-photo1751.jpg]
[images.pexels.com/photos/845451/pexels-photo-8454511751.jpg]
[images.pexels.com/photos/375889/pexels-photo-3758891751.jpg]
[uncody.b-cdn.net/logos/uncody-logo-cmp.jpg]
[servitec.uncody.site/static/js/main.382ea6d1.js]
[servitec.uncody.site/static/js/clientpublish.14992eea.chunk.js]
[servitec.uncody.site/static/js/3281.610d7313.chunk.js]
[servitec.uncody.site/static/js/Navbar.649a6f8e.chunk.js]
[servitec.uncody.site/static/js/HeroBanner1.a7aff6ee.chunk.js]
[servitec.uncody.site/static/js/AboutA.43e3c899.chunk.js]
[servitec.uncody.site/static/js/FeatureHighlight.9c70dfdd.chunk.js]
[servitec.uncody.site/static/js/ProductSide.449255da.chunk.js]
[servitec.uncody.site/static/js/OurWork.8b6ba34f.chunk.js]
[servitec.uncody.site/static/js/TestimonialSection.efaeb234.chunk.js]
[servitec.uncody.site/static/js/MetricSection.dca8aaea.chunk.js]
[servitec.uncody.site/static/js/7551.0a962a11.chunk.js]
[servitec.uncody.site/static/js/ContactSection.e288b31a.chunk.js]
[servitec.uncody.site/static/js/ProductCta.ab436f2c.chunk.js]
[servitec.uncody.site/static/js/FooterDetailedB.a1caea96.chunk.js]
[servitec.uncody.site/index.html]
[servitec.uncody.site/static/css/styles.fd65bd3e.css]
[servitec.uncody.site/static/js/MadeInUncody.4c357d37.chunk.js]
